[
	{
	  "_id": "64043d0de82f4bebf19b6e6c",
	  "index": 0,
	  "guid": "b13dddf2-6362-45c1-8139-ce39b2b845e6",
	  "isActive": true,
	  "balance": "$2,324.14",
	  "picture": "http://placehold.it/32x32",
	  "age": 31,
	  "eyeColor": "brown",
	  "name": "Le Sexton",
	  "gender": "male",
	  "company": "ISBOL",
	  "email": "lesexton@isbol.com",
	  "phone": "+1 (892) 432-2216",
	  "address": "226 Ridgewood Avenue, Waiohinu, Puerto Rico, 7242",
	  "about": "Laboris nisi consequat voluptate reprehenderit. Laboris proident deserunt eiusmod fugiat Lorem officia occaecat cupidatat sit exercitation dolor cupidatat nostrud. Proident magna minim Lorem esse.\r\n",
	  "registered": "2019-02-01T06:09:58 -11:00",
	  "latitude": 43.157473,
	  "longitude": -53.905513,
	  "tags": [
		"laborum",
		"proident",
		"nostrud",
		"nisi",
		"aliqua",
		"sint",
		"proident"
	  ],
	  "friends": [
		{
		  "id": 0,
		  "name": "Mcpherson Goodman"
		},
		{
		  "id": 1,
		  "name": "Mullen Potts"
		},
		{
		  "id": 2,
		  "name": "Dorothea Aguirre"
		}
	  ],
	  "greeting": "Hello, Le Sexton! You have 6 unread messages.",
	  "favoriteFruit": "apple"
	},
	{
	  "_id": "64043d0dd62ceee426cba2c5",
	  "index": 1,
	  "guid": "78c86489-1115-4bfa-b575-53e949a49855",
	  "isActive": true,
	  "balance": "$1,664.69",
	  "picture": "http://placehold.it/32x32",
	  "age": 33,
	  "eyeColor": "blue",
	  "name": "Hernandez Mendoza",
	  "gender": "male",
	  "company": "HANDSHAKE",
	  "email": "hernandezmendoza@handshake.com",
	  "phone": "+1 (925) 557-2973",
	  "address": "278 Grace Court, Hessville, American Samoa, 6560",
	  "about": "Nisi esse aliqua sunt ea aute fugiat cupidatat enim nostrud. Magna nostrud enim deserunt elit Lorem dolor voluptate. Consequat proident in ipsum ex mollit nulla ut aute eiusmod exercitation eu. Adipisicing pariatur laborum id sint enim deserunt elit anim qui est enim deserunt esse et. Magna ad eiusmod nisi magna voluptate esse do eu minim. Aute eiusmod minim qui excepteur id aute tempor officia laboris ex adipisicing cupidatat sunt. Officia non in ex laborum occaecat pariatur magna laborum.\r\n",
	  "registered": "2017-12-13T04:08:24 -11:00",
	  "latitude": -16.04485,
	  "longitude": -95.351961,
	  "tags": [
		"fugiat",
		"voluptate",
		"deserunt",
		"velit",
		"mollit",
		"qui",
		"tempor"
	  ],
	  "friends": [
		{
		  "id": 0,
		  "name": "Rachelle Farmer"
		},
		{
		  "id": 1,
		  "name": "Sharp Davis"
		},
		{
		  "id": 2,
		  "name": "Frye Ochoa"
		}
	  ],
	  "greeting": "Hello, Hernandez Mendoza! You have 6 unread messages.",
	  "favoriteFruit": "banana"
	},
	{
	  "_id": "64043d0d8bc608ee5f64b5ef",
	  "index": 2,
	  "guid": "14612fed-3c8d-4d03-813e-e0630c2b68dd",
	  "isActive": false,
	  "balance": "$2,150.44",
	  "picture": "http://placehold.it/32x32",
	  "age": 35,
	  "eyeColor": "brown",
	  "name": "Meyers Wooten",
	  "gender": "male",
	  "company": "NAMEBOX",
	  "email": "meyerswooten@namebox.com",
	  "phone": "+1 (943) 405-2823",
	  "address": "123 Halleck Street, Devon, Marshall Islands, 1136",
	  "about": "Est dolore consequat ut anim velit ullamco. Eu in consequat aliquip mollit commodo ea nulla mollit. Eu est cupidatat magna pariatur est sint culpa nisi labore eiusmod.\r\n",
	  "registered": "2022-05-20T01:23:35 -10:00",
	  "latitude": 36.157223,
	  "longitude": -150.895714,
	  "tags": [
		"laborum",
		"labore",
		"ut",
		"veniam",
		"officia",
		"consectetur",
		"tempor"
	  ],
	  "friends": [
		{
		  "id": 0,
		  "name": "Johnson Maynard"
		},
		{
		  "id": 1,
		  "name": "Constance Byers"
		},
		{
		  "id": 2,
		  "name": "Fernandez Curry"
		}
	  ],
	  "greeting": "Hello, Meyers Wooten! You have 9 unread messages.",
	  "favoriteFruit": "banana"
	},
	{
	  "_id": "64043d0d57f498b78ccb6579",
	  "index": 3,
	  "guid": "c7a4bffb-acdb-4a7b-8bc3-38bcf1471cba",
	  "isActive": false,
	  "balance": "$1,680.52",
	  "picture": "http://placehold.it/32x32",
	  "age": 25,
	  "eyeColor": "brown",
	  "name": "Boone Tyler",
	  "gender": "male",
	  "company": "INQUALA",
	  "email": "boonetyler@inquala.com",
	  "phone": "+1 (963) 444-2446",
	  "address": "312 Adams Street, Biehle, Idaho, 7917",
	  "about": "Anim sit eu elit incididunt. Ex Lorem amet dolor aliquip nostrud. Voluptate laborum sit velit est exercitation sunt quis minim irure proident mollit in minim veniam. Aliquip consequat eu sit sit commodo adipisicing elit ipsum officia magna reprehenderit fugiat fugiat nostrud. Aute Lorem mollit ad anim adipisicing sunt quis pariatur non.\r\n",
	  "registered": "2014-05-07T10:31:37 -10:00",
	  "latitude": -60.433,
	  "longitude": 4.242176,
	  "tags": [
		"deserunt",
		"laboris",
		"amet",
		"non",
		"voluptate",
		"sunt",
		"voluptate"
	  ],
	  "friends": [
		{
		  "id": 0,
		  "name": "Blanchard Cline"
		},
		{
		  "id": 1,
		  "name": "Marta Mayer"
		},
		{
		  "id": 2,
		  "name": "Nicholson Witt"
		}
	  ],
	  "greeting": "Hello, Boone Tyler! You have 9 unread messages.",
	  "favoriteFruit": "apple"
	},
	{
	  "_id": "64043d0d9239cd9efc22f7a7",
	  "index": 4,
	  "guid": "e43b2765-e448-46fb-80ec-6d77864ab906",
	  "isActive": false,
	  "balance": "$1,132.42",
	  "picture": "http://placehold.it/32x32",
	  "age": 26,
	  "eyeColor": "blue",
	  "name": "Elvia Knight",
	  "gender": "female",
	  "company": "IZZBY",
	  "email": "elviaknight@izzby.com",
	  "phone": "+1 (941) 589-3513",
	  "address": "625 Hubbard Place, Juarez, Texas, 9014",
	  "about": "Excepteur ipsum Lorem aute dolore ad sint quis adipisicing in cupidatat non occaecat. Laboris laborum duis incididunt minim veniam dolor aliqua deserunt Lorem sint aute eiusmod. Laboris esse ex labore eiusmod aute in officia aliqua tempor.\r\n",
	  "registered": "2020-05-27T07:06:46 -10:00",
	  "latitude": 62.719142,
	  "longitude": -83.909694,
	  "tags": [
		"dolore",
		"eu",
		"nisi",
		"sint",
		"ea",
		"adipisicing",
		"eiusmod"
	  ],
	  "friends": [
		{
		  "id": 0,
		  "name": "Kimberley Copeland"
		},
		{
		  "id": 1,
		  "name": "Hope Hammond"
		},
		{
		  "id": 2,
		  "name": "Cotton Williams"
		}
	  ],
	  "greeting": "Hello, Elvia Knight! You have 3 unread messages.",
	  "favoriteFruit": "apple"
	},
	{
	  "_id": "64043d0daa4e8583ffebb21b",
	  "index": 5,
	  "guid": "3053dc45-5363-47a9-bf97-c5a35a555413",
	  "isActive": false,
	  "balance": "$2,216.33",
	  "picture": "http://placehold.it/32x32",
	  "age": 33,
	  "eyeColor": "green",
	  "name": "Reid Combs",
	  "gender": "male",
	  "company": "ZENSOR",
	  "email": "reidcombs@zensor.com",
	  "phone": "+1 (844) 470-3718",
	  "address": "238 Stoddard Place, Driftwood, Vermont, 4279",
	  "about": "Magna eu ex tempor anim culpa excepteur est Lorem occaecat duis sunt consectetur aliquip. Sunt consequat ex ad magna pariatur esse excepteur non sint ex non velit elit non. Aute reprehenderit velit Lorem nisi et deserunt ad proident eiusmod do reprehenderit proident non velit.\r\n",
	  "registered": "2017-12-25T03:22:30 -11:00",
	  "latitude": 47.203988,
	  "longitude": -60.18251,
	  "tags": [
		"quis",
		"cillum",
		"nisi",
		"reprehenderit",
		"exercitation",
		"elit",
		"cillum"
	  ],
	  "friends": [
		{
		  "id": 0,
		  "name": "Kathy Madden"
		},
		{
		  "id": 1,
		  "name": "Kristi Garner"
		},
		{
		  "id": 2,
		  "name": "Turner Weiss"
		}
	  ],
	  "greeting": "Hello, Reid Combs! You have 3 unread messages.",
	  "favoriteFruit": "banana"
	},
	{
	  "_id": "64043d0da0833829a225b280",
	  "index": 6,
	  "guid": "de8e1529-57c0-455a-a91d-78833da0a4f4",
	  "isActive": true,
	  "balance": "$3,113.85",
	  "picture": "http://placehold.it/32x32",
	  "age": 35,
	  "eyeColor": "blue",
	  "name": "Jo David",
	  "gender": "female",
	  "company": "DENTREX",
	  "email": "jodavid@dentrex.com",
	  "phone": "+1 (958) 540-3230",
	  "address": "897 Jackson Place, Orovada, Arizona, 6444",
	  "about": "In magna fugiat irure do Lorem aute Lorem fugiat est et aliqua laboris mollit. Culpa proident ullamco anim id tempor aliquip officia ut. Sunt ipsum ullamco magna dolore laborum nostrud. Proident adipisicing ad cupidatat incididunt commodo aliquip sunt sunt non qui in cillum. Consequat fugiat duis sit proident anim et mollit nulla pariatur proident minim. Excepteur in sunt laborum commodo dolore laborum in in anim nulla. Do ad id Lorem Lorem excepteur velit id in Lorem ex sit nostrud est ex.\r\n",
	  "registered": "2020-11-11T07:12:25 -11:00",
	  "latitude": 70.410501,
	  "longitude": 33.878443,
	  "tags": [
		"voluptate",
		"excepteur",
		"mollit",
		"nulla",
		"commodo",
		"non",
		"occaecat"
	  ],
	  "friends": [
		{
		  "id": 0,
		  "name": "Meagan Moon"
		},
		{
		  "id": 1,
		  "name": "Concepcion Rosario"
		},
		{
		  "id": 2,
		  "name": "Cherry Haney"
		}
	  ],
	  "greeting": "Hello, Jo David! You have 8 unread messages.",
	  "favoriteFruit": "banana"
	}
  ]